main.c:73:13:lab4_start	8	static
main.c:79:13:lab4_stop	16	static
main.c:118:17:pwm_ccer_bit	16	static
main.c:128:13:pwm_set_period	32	static
main.c:139:13:pwm_apply_duty	32	static
main.c:147:6:hw_pwm_apply_freq	16	static
main.c:153:6:hw_pwm_apply_duty	16	static
main.c:158:6:hw_pwm_apply_state	24	static
main.c:169:6:hw_pwm_apply_invert	40	static
main.c:181:6:hw_uart_apply_baud	16	static
main.c:188:6:hw_uart_kick_tx	16	static
main.c:197:6:hw_uart_tx_flush	8	static
main.c:202:6:hw_dma_send	16	static
main.c:210:6:hw_dma_abort	8	static
main.c:215:6:hw_uart_arm_rx_dma	16	static
main.c:226:6:hw_uart_disarm_rx_dma	8	static
main.c:234:10:hw_tick_ms	8	static
main.c:240:13:tim6_init	16	static
main.c:256:6:TIM6_DAC_IRQHandler	8	static
main.c:260:6:HAL_TIM_PeriodElapsedCallback	16	static
main.c:278:6:HAL_UART_RxCpltCallback	16	static
main.c:290:6:HAL_UART_TxCpltCallback	16	static
main.c:304:6:HAL_GPIO_EXTI_Callback	24	static
main.c:326:13:buttons_init	48	static
main.c:357:13:boot_scan	24	static
main.c:378:5:main	16	static
main.c:436:6:SystemClock_Config	160	static
main.c:471:13:MX_TIM1_Init	96	static
main.c:522:13:MX_TIM3_Init	48	static
main.c:554:13:MX_USART3_UART_Init	8	static
main.c:572:13:MX_DMA_Init	16	static
main.c:586:13:MX_GPIO_Init	40	static
main.c:603:6:Error_Handler	4	static
