pwm_app.c:22:6:proto_init	16	static
pwm_app.c:38:13:handle_set_freq	24	static
pwm_app.c:49:13:handle_set_duty	24	static
pwm_app.c:58:13:apply_state_field	24	static
pwm_app.c:68:13:handle_set_state	24	static
pwm_app.c:72:13:handle_set_invert	32	static
pwm_app.c:79:13:handle_get_freq	40	static
pwm_app.c:94:13:handle_get_duty	32	static
pwm_app.c:103:16:pack_state_field	24	static
pwm_app.c:110:13:handle_get_state	64	static
pwm_app.c:126:13:send_freq_for	40	static
pwm_app.c:137:13:snap_freq_group	24	static
pwm_app.c:142:13:snap_dc_group	40	static
pwm_app.c:155:13:handle_snap_freq_lo	16	static
pwm_app.c:156:13:handle_snap_freq_hi	16	static
pwm_app.c:157:13:handle_snap_dc_lo	16	static
pwm_app.c:158:13:handle_snap_dc_hi	16	static
pwm_app.c:162:13:handle_ping	32	static
pwm_app.c:168:13:handle_sweep_set	40	static
pwm_app.c:184:13:handle_sweep_ctrl	40	static
pwm_app.c:207:13:sweep_apply	24	static
pwm_app.c:219:6:proto_sweep_tick	24	static
pwm_app.c:255:13:config_apply_record	32	static
pwm_app.c:336:6:config_apply_buf	24	static
pwm_app.c:343:13:handle_btn_set	24	static
pwm_app.c:354:6:proto_on_button	56	static
pwm_app.c:419:6:frame_dispatch	40	static
