stm32f3xx_it.c:23:6:NMI_Handler	4	static
stm32f3xx_it.c:24:6:HardFault_Handler	4	static
stm32f3xx_it.c:25:6:MemManage_Handler	4	static
stm32f3xx_it.c:26:6:BusFault_Handler	4	static
stm32f3xx_it.c:27:6:UsageFault_Handler	4	static
stm32f3xx_it.c:28:6:SVC_Handler	4	static
stm32f3xx_it.c:29:6:DebugMon_Handler	4	static
stm32f3xx_it.c:30:6:PendSV_Handler	4	static
stm32f3xx_it.c:32:6:SysTick_Handler	8	static
stm32f3xx_it.c:41:6:DMA1_Channel2_IRQHandler	8	static
stm32f3xx_it.c:46:6:DMA1_Channel3_IRQHandler	8	static
stm32f3xx_it.c:51:6:USART3_IRQHandler	8	static
stm32f3xx_it.c:56:6:EXTI15_10_IRQHandler	8	static
stm32f3xx_it.c:64:6:EXTI3_IRQHandler	8	static
stm32f3xx_it.c:68:6:EXTI2_TSC_IRQHandler	8	static
